{
    "Includes chrsizes when provided": {
        "content": [
            {
                "0": [
                    [
                        {
                            "id": "test_gtf"
                        },
                        "test_gtf.sqlite:md5,f30f17e61170fb1b085701bcb74309ec"
                    ]
                ],
                "1": [
                    [
                        "TXDBMAKER_MAKETXDBFROMGFF",
                        "versions.yaml:md5,7860ba6d890ec51d4fc0a6ba5b7fbc66"
                    ]
                ],
                "txdb": [
                    [
                        {
                            "id": "test_gtf"
                        },
                        "test_gtf.sqlite:md5,f30f17e61170fb1b085701bcb74309ec"
                    ]
                ],
                "versions": [
                    [
                        "TXDBMAKER_MAKETXDBFROMGFF",
                        "versions.yaml:md5,7860ba6d890ec51d4fc0a6ba5b7fbc66"
                    ]
                ]
            }
        ],
        "meta": {
            "nf-test": "0.9.3",
            "nextflow": "25.04.7"
        },
        "timestamp": "2025-10-06T10:30:24.125793628"
    },
    "Should run without failures": {
        "content": [
            {
                "0": [
                    [
                        {
                            "id": "test_gtf"
                        },
                        "test_gtf.sqlite:md5,459b81b1411480001e9e227b58e87802"
                    ]
                ],
                "1": [
                    [
                        "TXDBMAKER_MAKETXDBFROMGFF",
                        "versions.yaml:md5,7860ba6d890ec51d4fc0a6ba5b7fbc66"
                    ]
                ],
                "txdb": [
                    [
                        {
                            "id": "test_gtf"
                        },
                        "test_gtf.sqlite:md5,459b81b1411480001e9e227b58e87802"
                    ]
                ],
                "versions": [
                    [
                        "TXDBMAKER_MAKETXDBFROMGFF",
                        "versions.yaml:md5,7860ba6d890ec51d4fc0a6ba5b7fbc66"
                    ]
                ]
            }
        ],
        "meta": {
            "nf-test": "0.9.3",
            "nextflow": "25.04.7"
        },
        "timestamp": "2025-10-06T10:30:13.30132698"
    }
}